
> programming-manual@0.0.0 build
> vite build

[36mvite v6.4.1 [32mbuilding for production...[36m[39m
transforming...
[32m✓[39m 88 modules transformed.
[31m✗[39m Build failed in 254ms
[31merror during build:
[31msrc/data/java-categories/fundamentos.js (54:12): Unexpected token `]`. Expected identifier, string literal, numeric literal or [ for the computed key[31m
file: [36mC:/Users/Lenovo/Desktop/programming-manual-20260203T111015Z-3-001/programming-manual/src/data/java-categories/fundamentos.js:54:12[31m
[33m
52:                 }
53:             ],
54:             ],
                ^
55:     description: "Punto de entrada universal y reglas de sintaxis.",
56:     code: `public class HolaMundo {
[31m
    at getRollupError (file:///C:/Users/Lenovo/Desktop/programming-manual-20260203T111015Z-3-001/programming-manual/node_modules/rollup/dist/es/shared/parseAst.js:400:41)
    at ParseError.initialise (file:///C:/Users/Lenovo/Desktop/programming-manual-20260203T111015Z-3-001/programming-manual/node_modules/rollup/dist/es/shared/node-entry.js:14461:28)
    at convertNode (file:///C:/Users/Lenovo/Desktop/programming-manual-20260203T111015Z-3-001/programming-manual/node_modules/rollup/dist/es/shared/node-entry.js:16433:10)
    at convertProgram (file:///C:/Users/Lenovo/Desktop/programming-manual-20260203T111015Z-3-001/programming-manual/node_modules/rollup/dist/es/shared/node-entry.js:15673:12)
    at Module.setSource (file:///C:/Users/Lenovo/Desktop/programming-manual-20260203T111015Z-3-001/programming-manual/node_modules/rollup/dist/es/shared/node-entry.js:17388:24)
    at async ModuleLoader.addModuleSource (file:///C:/Users/Lenovo/Desktop/programming-manual-20260203T111015Z-3-001/programming-manual/node_modules/rollup/dist/es/shared/node-entry.js:21453:13)[39m
