
> programming-manual@0.0.0 build
> vite build

[36mvite v6.4.1 [32mbuilding for production...[36m[39m
transforming...
[32mÔ£ô[39m 2057 modules transformed.
rendering chunks...
computing gzip size...
[2mdist/[22m[32mindex.html                     [39m[1m[2m    0.80 kB[22m[1m[22m[2m Ôöé gzip:     0.39 kB[22m
[2mdist/[22m[35massets/index-DTFR9cLj.css      [39m[1m[2m   16.85 kB[22m[1m[22m[2m Ôöé gzip:     3.64 kB[22m
[2mdist/[22m[36massets/vendor-CmfcVawx.js      [39m[1m[2m   49.98 kB[22m[1m[22m[2m Ôöé gzip:    18.59 kB[22m
[2mdist/[22m[36massets/react-core-Cf__Inqu.js  [39m[1m[2m  185.62 kB[22m[1m[22m[2m Ôöé gzip:    60.12 kB[22m
[2mdist/[22m[36massets/firebase-RgR_HDVT.js    [39m[1m[2m  453.25 kB[22m[1m[22m[2m Ôöé gzip:   107.41 kB[22m
[2mdist/[22m[36massets/index-EDGi14ap.js       [39m[1m[2m  933.33 kB[22m[1m[22m[2m Ôöé gzip:   290.67 kB[22m
[2mdist/[22m[36massets/shiki-AuJeEv21.js       [39m[1m[33m9,132.96 kB[39m[22m[2m Ôöé gzip: 1,599.31 kB[22m
node.exe : [33m
En línea: 1 Carácter: 1
+ & "C:\Program Files\nodejs/node.exe" 
"C:\Program Files\nodejs/node_mo ...
+ ~~~~~~~~~~~~~~~~~~~~~~~~~~~~~~~~~~~~~~~~~
~~~~~~~~~~~~~~~~~~~~~~~~~~~~
    + CategoryInfo          : NotSpecified 
   : ([33m:String) [], RemoteException
    + FullyQualifiedErrorId : NativeComman 
   dError
 
(!) Some chunks are larger than 1000 kB 
after minification. Consider:
- Using dynamic import() to code-split the 
application
- Use 
build.rollupOptions.output.manualChunks to 
improve chunking: https://rollupjs.org/conf
iguration-options/#output-manualchunks
- Adjust chunk size limit for this warning 
via build.chunkSizeWarningLimit.[39m
[32mÔ£ô built in 5.80s[39m
